// Jest Snapshot v1, https://goo.gl/fbAQLP

exports[`ADSSList snapshot testing 1`] = `
<div
  className="ADS-list test"
>
  ADS List
  <List
    className="list"
    items={
      Array [
        Object {
          "id": "1",
        },
        Object {
          "id": "3",
        },
      ]
    }
    renderItem={[Function]}
  />
</div>
`;
